Component: ARM Compiler 5.06 update 7 (build 960) Tool: armlink [4d3601]

==============================================================================

Section Cross References

    startup.o(RESET) refers to startup.o(STACK) for __initial_sp
    startup.o(RESET) refers to startup.o(.text) for Reset_Handler
    startup.o(.text) refers to startup.o(ROM) for Sector_prices
    startup.o(.text) refers to startup.o(RAM) for total_tickets


==============================================================================

Removing Unused input sections from the image.

    Removing startup.o(HEAP), (0 bytes).

1 unused section(s) (total 0 bytes) removed from the image.

==============================================================================

Image Symbol Table

    Local Symbols

    Symbol Name                              Value     Ov Type        Size  Object(Section)

    RESET                                    0x00000000   Section      204  startup.o(RESET)
    startup.s                                0x00000000   Number         0  startup.o ABSOLUTE
    .text                                    0x000000cc   Section      264  startup.o(.text)
    ROM                                      0x000001d4   Section      128  startup.o(ROM)
    Sector_prices                            0x000001d4   Data          48  startup.o(ROM)
    Sector_quantity                          0x00000204   Data          48  startup.o(ROM)
    Num_sectors                              0x00000234   Data           1  startup.o(ROM)
    Tickets                                  0x00000238   Data          24  startup.o(ROM)
    Ticket_requests                          0x00000250   Data           4  startup.o(ROM)
    .ARM.__at_0x02FC                         0x000002fc   Section        4  startup.o(.ARM.__at_0x02FC)
    RAM                                      0x10000000   Section       52  startup.o(RAM)
    updated_quantity                         0x10000000   Data          48  startup.o(RAM)
    total_tickets                            0x10000030   Data           4  startup.o(RAM)
    STACK                                    0x10000038   Section      512  startup.o(STACK)

    Global Symbols

    Symbol Name                              Value     Ov Type        Size  Object(Section)

    BuildAttributes$$THM_ISAv4$P$D$K$B$S$PE$A:L22UL41UL21$X:L11$S22US41US21$IEEE1$IW$USESV6$~STKCKD$USESV7$~SHL$OSPACE$EBA8$STANDARDLIB$PRES8$EABIv2 0x00000000   Number         0  anon$$obj.o ABSOLUTE
    __Vectors                                0x00000000   Data           4  startup.o(RESET)
    Reset_Handler                            0x000000cd   Thumb Code   212  startup.o(.text)
    NMI_Handler                              0x000001a1   Thumb Code     2  startup.o(.text)
    HardFault_Handler                        0x000001a3   Thumb Code     2  startup.o(.text)
    MemManage_Handler                        0x000001a5   Thumb Code     2  startup.o(.text)
    BusFault_Handler                         0x000001a7   Thumb Code     2  startup.o(.text)
    UsageFault_Handler                       0x000001a9   Thumb Code     2  startup.o(.text)
    SVC_Handler                              0x000001ab   Thumb Code     2  startup.o(.text)
    DebugMon_Handler                         0x000001ad   Thumb Code     2  startup.o(.text)
    PendSV_Handler                           0x000001af   Thumb Code     2  startup.o(.text)
    SysTick_Handler                          0x000001b1   Thumb Code     2  startup.o(.text)
    ADC_IRQHandler                           0x000001b3   Thumb Code     0  startup.o(.text)
    BOD_IRQHandler                           0x000001b3   Thumb Code     0  startup.o(.text)
    CANActivity_IRQHandler                   0x000001b3   Thumb Code     0  startup.o(.text)
    CAN_IRQHandler                           0x000001b3   Thumb Code     0  startup.o(.text)
    DMA_IRQHandler                           0x000001b3   Thumb Code     0  startup.o(.text)
    EINT0_IRQHandler                         0x000001b3   Thumb Code     0  startup.o(.text)
    EINT1_IRQHandler                         0x000001b3   Thumb Code     0  startup.o(.text)
    EINT2_IRQHandler                         0x000001b3   Thumb Code     0  startup.o(.text)
    EINT3_IRQHandler                         0x000001b3   Thumb Code     0  startup.o(.text)
    ENET_IRQHandler                          0x000001b3   Thumb Code     0  startup.o(.text)
    I2C0_IRQHandler                          0x000001b3   Thumb Code     0  startup.o(.text)
    I2C1_IRQHandler                          0x000001b3   Thumb Code     0  startup.o(.text)
    I2C2_IRQHandler                          0x000001b3   Thumb Code     0  startup.o(.text)
    I2S_IRQHandler                           0x000001b3   Thumb Code     0  startup.o(.text)
    MCPWM_IRQHandler                         0x000001b3   Thumb Code     0  startup.o(.text)
    PLL0_IRQHandler                          0x000001b3   Thumb Code     0  startup.o(.text)
    PLL1_IRQHandler                          0x000001b3   Thumb Code     0  startup.o(.text)
    PWM1_IRQHandler                          0x000001b3   Thumb Code     0  startup.o(.text)
    QEI_IRQHandler                           0x000001b3   Thumb Code     0  startup.o(.text)
    RIT_IRQHandler                           0x000001b3   Thumb Code     0  startup.o(.text)
    RTC_IRQHandler                           0x000001b3   Thumb Code     0  startup.o(.text)
    SPI_IRQHandler                           0x000001b3   Thumb Code     0  startup.o(.text)
    SSP0_IRQHandler                          0x000001b3   Thumb Code     0  startup.o(.text)
    SSP1_IRQHandler                          0x000001b3   Thumb Code     0  startup.o(.text)
    TIMER0_IRQHandler                        0x000001b3   Thumb Code     0  startup.o(.text)
    TIMER1_IRQHandler                        0x000001b3   Thumb Code     0  startup.o(.text)
    TIMER2_IRQHandler                        0x000001b3   Thumb Code     0  startup.o(.text)
    TIMER3_IRQHandler                        0x000001b3   Thumb Code     0  startup.o(.text)
    UART0_IRQHandler                         0x000001b3   Thumb Code     0  startup.o(.text)
    UART1_IRQHandler                         0x000001b3   Thumb Code     0  startup.o(.text)
    UART2_IRQHandler                         0x000001b3   Thumb Code     0  startup.o(.text)
    UART3_IRQHandler                         0x000001b3   Thumb Code     0  startup.o(.text)
    USBActivity_IRQHandler                   0x000001b3   Thumb Code     0  startup.o(.text)
    USB_IRQHandler                           0x000001b3   Thumb Code     0  startup.o(.text)
    WDT_IRQHandler                           0x000001b3   Thumb Code     0  startup.o(.text)
    __initial_sp                             0x10000238   Data           0  startup.o(STACK)



==============================================================================

Memory Map of the image

  Image Entry point : 0x000000cd

  Load Region LR_1 (Base: 0x00000000, Size: 0x00000334, Max: 0xffffffff, ABSOLUTE)

    Execution Region ER_RO (Exec base: 0x00000000, Load base: 0x00000000, Size: 0x00000300, Max: 0xffffffff, ABSOLUTE)

    Exec Addr    Load Addr    Size         Type   Attr      Idx    E Section Name        Object

    0x00000000   0x00000000   0x000000cc   Data   RO            3    RESET               startup.o
    0x000000cc   0x000000cc   0x00000108   Code   RO            7  * .text               startup.o
    0x000001d4   0x000001d4   0x00000080   Data   RO            5    ROM                 startup.o
    0x00000254   0x00000254   0x000000a8   PAD
    0x000002fc   0x000002fc   0x00000004   Code   RO            4    .ARM.__at_0x02FC    startup.o


    Execution Region ER_RW (Exec base: 0x10000000, Load base: 0x00000300, Size: 0x00000034, Max: 0xffffffff, ABSOLUTE)

    Exec Addr    Load Addr    Size         Type   Attr      Idx    E Section Name        Object

    0x10000000   0x00000300   0x00000034   Data   RW            6    RAM                 startup.o


    Execution Region ER_ZI (Exec base: 0x10000034, Load base: 0x00000334, Size: 0x00000204, Max: 0xffffffff, ABSOLUTE)

    Exec Addr    Load Addr    Size         Type   Attr      Idx    E Section Name        Object

    0x10000034   0x00000334   0x00000004   PAD
    0x10000038        -       0x00000200   Zero   RW            1    STACK               startup.o


==============================================================================

Image component sizes


      Code (inc. data)   RO Data    RW Data    ZI Data      Debug   Object Name

       268         36        332         52        512       1000   startup.o

    ----------------------------------------------------------------------
       268         36        500         52        516       1000   Object Totals
         0          0          0          0          0          0   (incl. Generated)
         0          0        168          0          4          0   (incl. Padding)

    ----------------------------------------------------------------------
         0          0          0          0          0          0   Library Totals
         0          0          0          0          0          0   (incl. Padding)

    ----------------------------------------------------------------------

==============================================================================


      Code (inc. data)   RO Data    RW Data    ZI Data      Debug   

       268         36        500         52        516       1000   Grand Totals
       268         36        500         52        516       1000   ELF Image Totals
       268         36        500         52          0          0   ROM Totals

==============================================================================

    Total RO  Size (Code + RO Data)                  768 (   0.75kB)
    Total RW  Size (RW Data + ZI Data)               568 (   0.55kB)
    Total ROM Size (Code + RO Data + RW Data)        820 (   0.80kB)

==============================================================================

